2021-10-11 01:37:15 [    INFO] Adding Allure logger (conftest.py:10)
